ex1.h:11:6:excerside1	16	static
ex2.h:11:6:excerside2	16	static
ex3.h:10:6:excerside3	16	static
ex4.h:11:6:display7SEG1	32	static
ex4.h:19:6:excerside4	16	static
ex5.h:10:6:display7SEG	32	static
ex5.h:17:6:display7SEG2	32	static
ex5.h:24:6:excerside5	16	static
ex6.h:12:6:testled	16	static
ex6.h:17:6:excerside6	16	static
ex7.h:11:6:clearAllClock	8	static
ex8.h:13:6:setNumberOnClock	16	static
ex10.h:17:6:displayClock	24	static
ex10.h:23:6:excerside10	8	static
main.c:73:5:main	8	static
main.c:120:6:SystemClock_Config	72	static
main.c:156:13:MX_GPIO_Init	32	static
main.c:206:6:Error_Handler	4	static,ignoring_inline_asm
