fsm_automatic.c:17:6:task_display_time_1	8	static
fsm_automatic.c:20:6:task_display_time_0	8	static
fsm_automatic.c:23:6:counttime0	4	static
fsm_automatic.c:28:6:counttime1	4	static
fsm_automatic.c:34:6:task_display_time	16	static
fsm_automatic.c:48:6:task_fsm_lane_0	8	static
fsm_automatic.c:73:6:task_fsm_lane_1	8	static
fsm_automatic.c:98:6:task_red_state_lane_0	4	static
fsm_automatic.c:105:7:task_yellow_state_lane_0	4	static
fsm_automatic.c:112:7:task_green_state_lane_0	4	static
fsm_automatic.c:120:6:task_red_state_lane_1	4	static
fsm_automatic.c:128:6:task_yellow_state_lane_1	4	static
fsm_automatic.c:135:6:task_green_state_lane_1	4	static
